main.c:68:6:GSM_PowerCycle	8	static
main.c:77:6:repower_handler	8	static
main.c:90:6:toggle_alarm	8	static
main.c:110:5:main	8	static
main.c:173:6:SystemClock_Config	112	static
main.c:233:13:MX_RTC_Init	32	static
main.c:298:13:MX_TIM3_Init	40	static
main.c:343:13:MX_USART1_UART_Init	8	static
main.c:391:13:MX_USART2_UART_Init	8	static
main.c:427:13:MX_GPIO_Init	48	static
main.c:480:6:HAL_TIM_PeriodElapsedCallback	16	static
main.c:494:6:HAL_GPIO_EXTI_Falling_Callback	16	static,ignoring_inline_asm
main.c:512:6:Error_Handler	8	static,ignoring_inline_asm
